// Jest Snapshot v1, https://goo.gl/fbAQLP

exports[`throw errors 1`] = `"Expected a string, got number"`;
